[2026-08-09 19:58:54] === Launcher Session Started ===
[2026-08-09 19:58:54] Got game path from startup arguments: C:\Program Files\HoYoPlay\games\Genshin Impact game\GenshinImpact.exe
[2026-08-09 19:58:54] Game working directory: C:\Program Files\HoYoPlay\games\Genshin Impact game
[2026-08-09 19:58:55] Suspended game process successfully created, configuring plugin injection queue...
[2026-08-09 19:58:55] Recursively scanning Plugins directory for config.ini: D:\UnlockerIsland.new\x64\Release\Plugins
[2026-08-09 19:58:55] Found plugin pointed by config: CUTTOOL.UnlockerIsland.dll, configuring injection...
[2026-08-09 19:58:55] Plugin added to load queue: CUTTOOL.UnlockerIsland.dll
[2026-08-09 19:58:55] Plugin loading queue completed, planned to inject: 1 plugins
[2026-08-09 19:58:55] === Game main thread resumed and executing injection tasks ===
[2026-08-09 20:09:23] === Launcher Session Started ===
[2026-08-09 20:09:23] Got game path from startup arguments: C:\Program Files\HoYoPlay\games\Genshin Impact game\GenshinImpact.exe
[2026-08-09 20:09:23] Game working directory: C:\Program Files\HoYoPlay\games\Genshin Impact game
[2026-08-09 20:09:23] Suspended game process successfully created, configuring plugin injection queue...
[2026-08-09 20:09:23] Recursively scanning Plugins directory for config.ini: D:\Skirk-macro\src\unlocker\Plugins
[2026-08-09 20:09:23] Found plugin pointed by config: CUTTOOL.UnlockerIsland.dll, configuring injection...
[2026-08-09 20:09:23] Plugin added to load queue: CUTTOOL.UnlockerIsland.dll
[2026-08-09 20:09:23] Plugin loading queue completed, planned to inject: 1 plugins
[2026-08-09 20:09:23] === Game main thread resumed and executing injection tasks ===
[2026-08-09 20:10:09] === Launcher Session Started ===
[2026-08-09 20:10:09] Got game path from startup arguments: C:\Program Files\HoYoPlay\games\Genshin Impact game\GenshinImpact.exe
[2026-08-09 20:10:09] Game working directory: C:\Program Files\HoYoPlay\games\Genshin Impact game
[2026-08-09 20:10:09] Suspended game process successfully created, configuring plugin injection queue...
[2026-08-09 20:10:09] Recursively scanning Plugins directory for config.ini: D:\Skirk-macro\src\unlocker\Plugins
[2026-08-09 20:10:09] Found plugin pointed by config: CUTTOOL.UnlockerIsland.dll, configuring injection...
[2026-08-09 20:10:09] Plugin added to load queue: CUTTOOL.UnlockerIsland.dll
[2026-08-09 20:10:09] Plugin loading queue completed, planned to inject: 1 plugins
[2026-08-09 20:10:09] === Game main thread resumed and executing injection tasks ===
[2026-08-09 20:10:13] === Launcher Session Started ===
[2026-08-09 20:10:13] Got game path from startup arguments: C:\Program Files\HoYoPlay\games\Genshin Impact game\GenshinImpact.exe
[2026-08-09 20:10:13] Game working directory: C:\Program Files\HoYoPlay\games\Genshin Impact game
[2026-08-09 20:10:13] Suspended game process successfully created, configuring plugin injection queue...
[2026-08-09 20:10:13] Recursively scanning Plugins directory for config.ini: D:\Skirk-macro\src\unlocker\Plugins
[2026-08-09 20:10:13] Found plugin pointed by config: CUTTOOL.UnlockerIsland.dll, configuring injection...
[2026-08-09 20:10:13] Plugin added to load queue: CUTTOOL.UnlockerIsland.dll
[2026-08-09 20:10:13] Plugin loading queue completed, planned to inject: 1 plugins
[2026-08-09 20:10:13] === Game main thread resumed and executing injection tasks ===
